// Jest Snapshot v1, https://goo.gl/fbAQLP

exports[`should render Header correctly 1`] = `
<header
  className="header"
>
  <div
    className="container"
  >
    <div
      className="header__content"
    >
      <[object Object]
        className="header__title"
        to="/dashboard"
      >
        <img
          src="/images/logo.png"
        />
      </[object Object]>
      <div
        className="language"
      >
        <button
          onClick={[Function]}
        >
          IT
        </button>
        <button
          onClick={[Function]}
        >
          DE
        </button>
        <button
          className="btn-flat"
          onClick={[Function]}
        >
          <i
            className="material-icons"
          >
            exit_to_app
          </i>
        </button>
      </div>
    </div>
  </div>
</header>
`;
